============================================================
Quench simulation started: 2026-07-03T14:52:45.800
N_sites = 200, T_max = 10.0, dt = 0.05, bond_dim = 1700
Pre-quench parameters: v=1.0, w=1.0, Δ=0.0, V=5.0
Post-quench parameters: v=1.0, w=1.0, Δ=0.0, V=4.0
============================================================
Preparing interacting ground state (t < 0)...
Initial Ground State Energy: -536.0781511008171 (DMRG took 63.52 seconds)
Initial max bond dimension: 22
Constructing TEBD gates for quench...
Starting time evolution...
t = 0.0, S_EE = 0.1881, F = 0.0401, χ = 14 / 1700, step_time = 18.843 s, elapsed_time = 23.6622 s, estimated_remaining_time = 4732.44 s
t = 0.05, S_EE = 0.1892, F = 0.0404, χ = 14 / 1700, step_time = 0.3668 s, elapsed_time = 28.945 s, estimated_remaining_time = 2880.0275 s
t = 0.1, S_EE = 0.1922, F = 0.0415, χ = 14 / 1700, step_time = 0.3287 s, elapsed_time = 29.5154 s, estimated_remaining_time = 1948.0164 s
t = 0.15, S_EE = 0.1971, F = 0.0431, χ = 14 / 1700, step_time = 0.3232 s, elapsed_time = 30.0827 s, estimated_remaining_time = 1481.573 s
t = 0.2, S_EE = 0.2034, F = 0.0453, χ = 13 / 1700, step_time = 0.3126 s, elapsed_time = 30.6741 s, estimated_remaining_time = 1202.4247 s
t = 0.25, S_EE = 0.2109, F = 0.0479, χ = 13 / 1700, step_time = 0.323 s, elapsed_time = 31.2345 s, estimated_remaining_time = 1015.1212 s
t = 0.3, S_EE = 0.2193, F = 0.0506, χ = 13 / 1700, step_time = 0.2893 s, elapsed_time = 31.7374 s, estimated_remaining_time = 879.5794 s
t = 0.35, S_EE = 0.2282, F = 0.0535, χ = 13 / 1700, step_time = 0.3195 s, elapsed_time = 32.2894 s, estimated_remaining_time = 778.9818 s
t = 0.4, S_EE = 0.2375, F = 0.0563, χ = 13 / 1700, step_time = 0.4134 s, elapsed_time = 32.9433 s, estimated_remaining_time = 702.7904 s
t = 0.45, S_EE = 0.247, F = 0.0589, χ = 13 / 1700, step_time = 0.3175 s, elapsed_time = 33.5029 s, estimated_remaining_time = 639.9054 s
t = 0.5, S_EE = 0.2565, F = 0.0613, χ = 13 / 1700, step_time = 0.3267 s, elapsed_time = 34.0708 s, estimated_remaining_time = 588.4956 s
t = 0.55, S_EE = 0.266, F = 0.0634, χ = 14 / 1700, step_time = 0.2974 s, elapsed_time = 34.6069 s, estimated_remaining_time = 545.0587 s
t = 0.6, S_EE = 0.2752, F = 0.0652, χ = 14 / 1700, step_time = 0.607 s, elapsed_time = 35.6196 s, estimated_remaining_time = 515.1142 s
t = 0.65, S_EE = 0.2843, F = 0.0667, χ = 14 / 1700, step_time = 0.6049 s, elapsed_time = 36.7273 s, estimated_remaining_time = 490.5718 s
t = 0.7, S_EE = 0.293, F = 0.068, χ = 14 / 1700, step_time = 0.554 s, elapsed_time = 37.7696 s, estimated_remaining_time = 468.343 s
t = 0.75, S_EE = 0.3014, F = 0.069, χ = 15 / 1700, step_time = 0.4769 s, elapsed_time = 38.4679 s, estimated_remaining_time = 444.7851 s
t = 0.8, S_EE = 0.3096, F = 0.0699, χ = 15 / 1700, step_time = 0.3384 s, elapsed_time = 39.0633 s, estimated_remaining_time = 422.8028 s
t = 0.85, S_EE = 0.3175, F = 0.0707, χ = 16 / 1700, step_time = 0.6526 s, elapsed_time = 40.0462 s, estimated_remaining_time = 407.1364 s
t = 0.9, S_EE = 0.3252, F = 0.0714, χ = 17 / 1700, step_time = 0.374 s, elapsed_time = 40.7332 s, estimated_remaining_time = 390.1812 s
t = 0.95, S_EE = 0.3328, F = 0.0721, χ = 17 / 1700, step_time = 0.4505 s, elapsed_time = 41.455 s, estimated_remaining_time = 375.1678 s
t = 1.0, S_EE = 0.3402, F = 0.0729, χ = 17 / 1700, step_time = 0.6021 s, elapsed_time = 42.6147 s, estimated_remaining_time = 365.2689 s
t = 1.05, S_EE = 0.3475, F = 0.0736, χ = 17 / 1700, step_time = 0.3835 s, elapsed_time = 43.3197 s, estimated_remaining_time = 352.4648 s
t = 1.1, S_EE = 0.3547, F = 0.0744, χ = 18 / 1700, step_time = 0.3956 s, elapsed_time = 44.0339 s, estimated_remaining_time = 340.7841 s
t = 1.15, S_EE = 0.3617, F = 0.0751, χ = 19 / 1700, step_time = 0.5076 s, elapsed_time = 44.8317 s, estimated_remaining_time = 330.6338 s
t = 1.2, S_EE = 0.3686, F = 0.0759, χ = 19 / 1700, step_time = 0.5991 s, elapsed_time = 45.9887 s, estimated_remaining_time = 323.7604 s
t = 1.25, S_EE = 0.3754, F = 0.0766, χ = 19 / 1700, step_time = 0.6402 s, elapsed_time = 47.1672 s, estimated_remaining_time = 317.4715 s
t = 1.3, S_EE = 0.382, F = 0.0772, χ = 20 / 1700, step_time = 0.6128 s, elapsed_time = 48.0793 s, estimated_remaining_time = 309.8444 s
t = 1.35, S_EE = 0.3884, F = 0.0778, χ = 21 / 1700, step_time = 0.6401 s, elapsed_time = 49.2721 s, estimated_remaining_time = 304.4312 s
t = 1.4, S_EE = 0.3946, F = 0.0783, χ = 22 / 1700, step_time = 0.6049 s, elapsed_time = 50.3386 s, estimated_remaining_time = 298.56 s
t = 1.45, S_EE = 0.4006, F = 0.0788, χ = 23 / 1700, step_time = 0.9092 s, elapsed_time = 51.592 s, estimated_remaining_time = 294.0744 s
t = 1.5, S_EE = 0.4064, F = 0.0791, χ = 24 / 1700, step_time = 0.6736 s, elapsed_time = 52.6346 s, estimated_remaining_time = 288.6414 s
t = 1.55, S_EE = 0.4121, F = 0.0794, χ = 25 / 1700, step_time = 0.4236 s, elapsed_time = 53.6274 s, estimated_remaining_time = 283.2197 s
t = 1.6, S_EE = 0.4176, F = 0.0797, χ = 26 / 1700, step_time = 0.7076 s, elapsed_time = 54.8874 s, estimated_remaining_time = 279.4268 s
t = 1.65, S_EE = 0.423, F = 0.0799, χ = 27 / 1700, step_time = 0.7127 s, elapsed_time = 56.193 s, estimated_remaining_time = 276.0068 s
t = 1.7, S_EE = 0.4283, F = 0.0802, χ = 28 / 1700, step_time = 0.6947 s, elapsed_time = 57.2184 s, estimated_remaining_time = 271.3787 s
t = 1.75, S_EE = 0.4334, F = 0.0804, χ = 29 / 1700, step_time = 0.7579 s, elapsed_time = 58.5862 s, estimated_remaining_time = 268.5201 s
t = 1.8, S_EE = 0.4385, F = 0.0806, χ = 31 / 1700, step_time = 0.511 s, elapsed_time = 59.7102 s, estimated_remaining_time = 264.6614 s
t = 1.85, S_EE = 0.4435, F = 0.0809, χ = 32 / 1700, step_time = 0.8203 s, elapsed_time = 61.1894 s, estimated_remaining_time = 262.4703 s
t = 1.9, S_EE = 0.4485, F = 0.0811, χ = 33 / 1700, step_time = 0.6203 s, elapsed_time = 62.4914 s, estimated_remaining_time = 259.5797 s
t = 1.95, S_EE = 0.4533, F = 0.0813, χ = 34 / 1700, step_time = 0.8272 s, elapsed_time = 63.7974 s, estimated_remaining_time = 256.7845 s
t = 2.0, S_EE = 0.4581, F = 0.0815, χ = 36 / 1700, step_time = 0.8284 s, elapsed_time = 65.3532 s, estimated_remaining_time = 255.0369 s
t = 2.05, S_EE = 0.4628, F = 0.0818, χ = 37 / 1700, step_time = 0.6204 s, elapsed_time = 66.4053 s, estimated_remaining_time = 251.3915 s
t = 2.1, S_EE = 0.4674, F = 0.0819, χ = 39 / 1700, step_time = 0.936 s, elapsed_time = 68.1762 s, estimated_remaining_time = 250.5079 s
t = 2.15, S_EE = 0.4718, F = 0.0821, χ = 40 / 1700, step_time = 1.5919 s, elapsed_time = 70.3152 s, estimated_remaining_time = 250.8974 s
t = 2.2, S_EE = 0.4762, F = 0.0822, χ = 42 / 1700, step_time = 0.6656 s, elapsed_time = 71.7956 s, estimated_remaining_time = 248.8914 s
t = 2.25, S_EE = 0.4805, F = 0.0823, χ = 44 / 1700, step_time = 0.9872 s, elapsed_time = 73.4133 s, estimated_remaining_time = 247.3709 s
t = 2.3, S_EE = 0.4848, F = 0.0824, χ = 46 / 1700, step_time = 0.7374 s, elapsed_time = 75.0433 s, estimated_remaining_time = 245.8866 s
t = 2.35, S_EE = 0.4889, F = 0.0825, χ = 47 / 1700, step_time = 1.0574 s, elapsed_time = 77.0032 s, estimated_remaining_time = 245.4477 s
t = 2.4, S_EE = 0.493, F = 0.0825, χ = 49 / 1700, step_time = 0.923 s, elapsed_time = 78.7026 s, estimated_remaining_time = 244.1387 s
t = 2.45, S_EE = 0.4971, F = 0.0826, χ = 51 / 1700, step_time = 1.0182 s, elapsed_time = 80.7162 s, estimated_remaining_time = 243.7629 s
t = 2.5, S_EE = 0.5011, F = 0.0827, χ = 53 / 1700, step_time = 0.8685 s, elapsed_time = 83.06 s, estimated_remaining_time = 244.2941 s
t = 2.55, S_EE = 0.5052, F = 0.0828, χ = 56 / 1700, step_time = 1.2329 s, elapsed_time = 85.2894 s, estimated_remaining_time = 244.3869 s
t = 2.6, S_EE = 0.5091, F = 0.0829, χ = 58 / 1700, step_time = 1.0925 s, elapsed_time = 87.0885 s, estimated_remaining_time = 243.1905 s
t = 2.65, S_EE = 0.5131, F = 0.083, χ = 60 / 1700, step_time = 1.1461 s, elapsed_time = 89.0451 s, estimated_remaining_time = 242.4006 s
t = 2.7, S_EE = 0.517, F = 0.0832, χ = 62 / 1700, step_time = 1.5541 s, elapsed_time = 91.4136 s, estimated_remaining_time = 242.6616 s
t = 2.75, S_EE = 0.5209, F = 0.0833, χ = 65 / 1700, step_time = 1.138 s, elapsed_time = 93.34 s, estimated_remaining_time = 241.6839 s
t = 2.8, S_EE = 0.5248, F = 0.0835, χ = 67 / 1700, step_time = 1.4099 s, elapsed_time = 95.663 s, estimated_remaining_time = 241.6749 s
t = 2.85, S_EE = 0.5286, F = 0.0836, χ = 70 / 1700, step_time = 1.9902 s, elapsed_time = 99.1571 s, estimated_remaining_time = 244.4735 s
t = 2.9, S_EE = 0.5324, F = 0.0837, χ = 72 / 1700, step_time = 1.858 s, elapsed_time = 102.4128 s, estimated_remaining_time = 246.485 s
t = 2.95, S_EE = 0.5361, F = 0.0838, χ = 75 / 1700, step_time = 1.4115 s, elapsed_time = 104.9307 s, estimated_remaining_time = 246.5871 s
t = 3.0, S_EE = 0.5397, F = 0.0838, χ = 78 / 1700, step_time = 1.7511 s, elapsed_time = 108.1431 s, estimated_remaining_time = 248.1973 s
t = 3.05, S_EE = 0.5433, F = 0.0839, χ = 81 / 1700, step_time = 1.5022 s, elapsed_time = 110.8798 s, estimated_remaining_time = 248.5854 s
t = 3.1, S_EE = 0.5469, F = 0.0839, χ = 84 / 1700, step_time = 2.0315 s, elapsed_time = 115.2299 s, estimated_remaining_time = 252.4084 s
t = 3.15, S_EE = 0.5505, F = 0.084, χ = 88 / 1700, step_time = 2.5447 s, elapsed_time = 119.8292 s, estimated_remaining_time = 256.5094 s
t = 3.2, S_EE = 0.5541, F = 0.0841, χ = 92 / 1700, step_time = 2.4168 s, elapsed_time = 123.6737 s, estimated_remaining_time = 258.7634 s
t = 3.25, S_EE = 0.5576, F = 0.0841, χ = 96 / 1700, step_time = 3.2298 s, elapsed_time = 129.5942 s, estimated_remaining_time = 265.079 s
t = 3.3, S_EE = 0.5612, F = 0.0842, χ = 99 / 1700, step_time = 2.0237 s, elapsed_time = 133.7319 s, estimated_remaining_time = 267.4638 s
t = 3.35, S_EE = 0.5648, F = 0.0843, χ = 102 / 1700, step_time = 2.7365 s, elapsed_time = 138.2256 s, estimated_remaining_time = 270.353 s
t = 3.4, S_EE = 0.5684, F = 0.0845, χ = 105 / 1700, step_time = 3.6919 s, elapsed_time = 144.458 s, estimated_remaining_time = 276.3544 s
t = 3.45, S_EE = 0.5719, F = 0.0846, χ = 109 / 1700, step_time = 3.7004 s, elapsed_time = 151.2153 s, estimated_remaining_time = 282.9886 s
t = 3.5, S_EE = 0.5755, F = 0.0848, χ = 113 / 1700, step_time = 3.1152 s, elapsed_time = 156.8036 s, estimated_remaining_time = 287.1052 s
t = 3.55, S_EE = 0.5791, F = 0.0849, χ = 117 / 1700, step_time = 4.3712 s, elapsed_time = 164.2024 s, estimated_remaining_time = 294.196 s
t = 3.6, S_EE = 0.5826, F = 0.085, χ = 122 / 1700, step_time = 4.9499 s, elapsed_time = 172.7178 s, estimated_remaining_time = 302.8476 s
t = 3.65, S_EE = 0.5862, F = 0.0852, χ = 126 / 1700, step_time = 4.4292 s, elapsed_time = 180.1631 s, estimated_remaining_time = 309.1988 s
t = 3.7, S_EE = 0.5897, F = 0.0853, χ = 131 / 1700, step_time = 4.2388 s, elapsed_time = 187.5546 s, estimated_remaining_time = 315.0917 s
t = 3.75, S_EE = 0.5932, F = 0.0854, χ = 136 / 1700, step_time = 5.4678 s, elapsed_time = 197.8161 s, estimated_remaining_time = 325.3554 s
t = 3.8, S_EE = 0.5967, F = 0.0855, χ = 140 / 1700, step_time = 5.5142 s, elapsed_time = 207.0426 s, estimated_remaining_time = 333.4193 s
t = 3.85, S_EE = 0.6003, F = 0.0856, χ = 144 / 1700, step_time = 5.156 s, elapsed_time = 215.6513 s, estimated_remaining_time = 340.0655 s
t = 3.9, S_EE = 0.6038, F = 0.0857, χ = 149 / 1700, step_time = 6.5637 s, elapsed_time = 226.6359 s, estimated_remaining_time = 349.9947 s
t = 3.95, S_EE = 0.6073, F = 0.0858, χ = 154 / 1700, step_time = 8.3991 s, elapsed_time = 239.0505 s, estimated_remaining_time = 361.5639 s
t = 4.0, S_EE = 0.6108, F = 0.0859, χ = 159 / 1700, step_time = 7.7763 s, elapsed_time = 252.4966 s, estimated_remaining_time = 374.069 s
t = 4.05, S_EE = 0.6144, F = 0.0861, χ = 164 / 1700, step_time = 7.167 s, elapsed_time = 266.3205 s, estimated_remaining_time = 386.4895 s
t = 4.1, S_EE = 0.618, F = 0.0863, χ = 169 / 1700, step_time = 7.1621 s, elapsed_time = 279.9017 s, estimated_remaining_time = 397.9325 s
t = 4.15, S_EE = 0.6217, F = 0.0864, χ = 175 / 1700, step_time = 8.8106 s, elapsed_time = 293.1496 s, estimated_remaining_time = 408.3155 s
t = 4.2, S_EE = 0.6253, F = 0.0866, χ = 181 / 1700, step_time = 9.0379 s, elapsed_time = 307.7824 s, estimated_remaining_time = 420.0325 s
t = 4.25, S_EE = 0.629, F = 0.0868, χ = 187 / 1700, step_time = 9.223 s, elapsed_time = 325.2524 s, estimated_remaining_time = 434.9305 s
t = 4.3, S_EE = 0.6327, F = 0.087, χ = 193 / 1700, step_time = 10.5537 s, elapsed_time = 342.2489 s, estimated_remaining_time = 448.4641 s
t = 4.35, S_EE = 0.6364, F = 0.0872, χ = 199 / 1700, step_time = 12.4494 s, elapsed_time = 365.2373 s, estimated_remaining_time = 468.9979 s
t = 4.4, S_EE = 0.6401, F = 0.0874, χ = 205 / 1700, step_time = 12.84 s, elapsed_time = 391.1896 s, estimated_remaining_time = 492.2835 s
t = 4.45, S_EE = 0.6439, F = 0.0876, χ = 212 / 1700, step_time = 14.4946 s, elapsed_time = 418.9324 s, estimated_remaining_time = 516.6833 s
t = 4.5, S_EE = 0.6476, F = 0.0878, χ = 219 / 1700, step_time = 17.7303 s, elapsed_time = 452.8044 s, estimated_remaining_time = 547.346 s
t = 4.55, S_EE = 0.6514, F = 0.088, χ = 225 / 1700, step_time = 16.2649 s, elapsed_time = 485.2898 s, estimated_remaining_time = 574.9629 s
t = 4.6, S_EE = 0.6551, F = 0.0881, χ = 232 / 1700, step_time = 14.2635 s, elapsed_time = 514.57 s, estimated_remaining_time = 597.5652 s
t = 4.65, S_EE = 0.6589, F = 0.0883, χ = 239 / 1700, step_time = 16.5595 s, elapsed_time = 544.3374 s, estimated_remaining_time = 619.6181 s
t = 4.7, S_EE = 0.6627, F = 0.0885, χ = 246 / 1700, step_time = 20.4067 s, elapsed_time = 579.9802 s, estimated_remaining_time = 647.1358 s
t = 4.75, S_EE = 0.6666, F = 0.0887, χ = 253 / 1700, step_time = 19.568 s, elapsed_time = 615.9447 s, estimated_remaining_time = 673.6895 s
t = 4.8, S_EE = 0.6705, F = 0.0889, χ = 261 / 1700, step_time = 16.8212 s, elapsed_time = 651.2761 s, estimated_remaining_time = 698.2754 s
t = 4.85, S_EE = 0.6744, F = 0.0891, χ = 269 / 1700, step_time = 15.5047 s, elapsed_time = 678.7747 s, estimated_remaining_time = 713.4061 s
t = 4.9, S_EE = 0.6783, F = 0.0894, χ = 277 / 1700, step_time = 15.7196 s, elapsed_time = 707.8608 s, estimated_remaining_time = 729.3111 s
t = 4.95, S_EE = 0.6823, F = 0.0896, χ = 285 / 1700, step_time = 16.4422 s, elapsed_time = 738.1683 s, estimated_remaining_time = 745.55 s
t = 5.0, S_EE = 0.6864, F = 0.0899, χ = 294 / 1700, step_time = 17.3465 s, elapsed_time = 767.1695 s, estimated_remaining_time = 759.5738 s
t = 5.05, S_EE = 0.6904, F = 0.0902, χ = 302 / 1700, step_time = 16.3573 s, elapsed_time = 798.0424 s, estimated_remaining_time = 774.5706 s
t = 5.1, S_EE = 0.6945, F = 0.0904, χ = 310 / 1700, step_time = 16.6395 s, elapsed_time = 831.6234 s, estimated_remaining_time = 791.2533 s
t = 5.15, S_EE = 0.6986, F = 0.0907, χ = 318 / 1700, step_time = 22.2591 s, elapsed_time = 867.8737 s, estimated_remaining_time = 809.4591 s
t = 5.2, S_EE = 0.7027, F = 0.091, χ = 328 / 1700, step_time = 22.8523 s, elapsed_time = 907.635 s, estimated_remaining_time = 829.8377 s
t = 5.25, S_EE = 0.7069, F = 0.0912, χ = 336 / 1700, step_time = 23.2681 s, elapsed_time = 950.9569 s, estimated_remaining_time = 852.2727 s
t = 5.3, S_EE = 0.711, F = 0.0915, χ = 346 / 1700, step_time = 23.8302 s, elapsed_time = 993.6834 s, estimated_remaining_time = 872.9555 s
t = 5.35, S_EE = 0.7152, F = 0.0917, χ = 356 / 1700, step_time = 27.6511 s, elapsed_time = 1042.8274 s, estimated_remaining_time = 897.9903 s
t = 5.4, S_EE = 0.7194, F = 0.0919, χ = 366 / 1700, step_time = 25.968 s, elapsed_time = 1090.6703 s, estimated_remaining_time = 920.5658 s
t = 5.45, S_EE = 0.7236, F = 0.0922, χ = 376 / 1700, step_time = 28.021 s, elapsed_time = 1141.5617 s, estimated_remaining_time = 944.3829 s
t = 5.5, S_EE = 0.7278, F = 0.0924, χ = 386 / 1700, step_time = 30.9971 s, elapsed_time = 1196.4269 s, estimated_remaining_time = 970.0759 s
t = 5.55, S_EE = 0.7321, F = 0.0927, χ = 396 / 1700, step_time = 30.9774 s, elapsed_time = 1253.0788 s, estimated_remaining_time = 995.7501 s
t = 5.6, S_EE = 0.7364, F = 0.093, χ = 407 / 1700, step_time = 35.786 s, elapsed_time = 1316.6405 s, estimated_remaining_time = 1025.3484 s
t = 5.65, S_EE = 0.7408, F = 0.0932, χ = 417 / 1700, step_time = 36.9941 s, elapsed_time = 1380.5956 s, estimated_remaining_time = 1053.6124 s
t = 5.7, S_EE = 0.7451, F = 0.0935, χ = 428 / 1700, step_time = 37.2229 s, elapsed_time = 1448.2377 s, estimated_remaining_time = 1083.0299 s
t = 5.75, S_EE = 0.7496, F = 0.0938, χ = 439 / 1700, step_time = 39.3654 s, elapsed_time = 1517.8848 s, estimated_remaining_time = 1112.2432 s
t = 5.8, S_EE = 0.754, F = 0.0941, χ = 451 / 1700, step_time = 39.6954 s, elapsed_time = 1588.8969 s, estimated_remaining_time = 1140.7465 s
t = 5.85, S_EE = 0.7585, F = 0.0945, χ = 462 / 1700, step_time = 42.2212 s, elapsed_time = 1666.0201 s, estimated_remaining_time = 1171.8616 s
t = 5.9, S_EE = 0.763, F = 0.0948, χ = 474 / 1700, step_time = 45.6359 s, elapsed_time = 1752.1873 s, estimated_remaining_time = 1207.3896 s
t = 5.95, S_EE = 0.7675, F = 0.0951, χ = 486 / 1700, step_time = 44.3985 s, elapsed_time = 1836.1171 s, estimated_remaining_time = 1239.379 s
t = 6.0, S_EE = 0.772, F = 0.0953, χ = 498 / 1700, step_time = 51.0615 s, elapsed_time = 1924.8338 s, estimated_remaining_time = 1272.6174 s
t = 6.05, S_EE = 0.7765, F = 0.0956, χ = 510 / 1700, step_time = 53.901 s, elapsed_time = 2022.427 s, estimated_remaining_time = 1309.6044 s
t = 6.1, S_EE = 0.7811, F = 0.0959, χ = 523 / 1700, step_time = 49.5962 s, elapsed_time = 2110.742 s, estimated_remaining_time = 1338.5193 s
t = 6.15, S_EE = 0.7856, F = 0.0962, χ = 537 / 1700, step_time = 56.2192 s, elapsed_time = 2217.4568 s, estimated_remaining_time = 1376.9691 s
t = 6.2, S_EE = 0.7902, F = 0.0965, χ = 550 / 1700, step_time = 59.9852 s, elapsed_time = 2325.7212 s, estimated_remaining_time = 1414.0385 s
t = 6.25, S_EE = 0.7948, F = 0.0967, χ = 563 / 1700, step_time = 62.188 s, elapsed_time = 2440.684 s, estimated_remaining_time = 1452.7881 s
t = 6.3, S_EE = 0.7994, F = 0.097, χ = 577 / 1700, step_time = 61.6449 s, elapsed_time = 2553.7059 s, estimated_remaining_time = 1487.9861 s
t = 6.35, S_EE = 0.8041, F = 0.0973, χ = 591 / 1700, step_time = 67.9414 s, elapsed_time = 2678.8921 s, estimated_remaining_time = 1527.8057 s
t = 6.4, S_EE = 0.8088, F = 0.0976, χ = 606 / 1700, step_time = 73.9204 s, elapsed_time = 2812.3571 s, estimated_remaining_time = 1569.6877 s
t = 6.45, S_EE = 0.8135, F = 0.0979, χ = 620 / 1700, step_time = 70.7086 s, elapsed_time = 2949.1939 s, estimated_remaining_time = 1610.7136 s
t = 6.5, S_EE = 0.8182, F = 0.0982, χ = 636 / 1700, step_time = 81.5597 s, elapsed_time = 3090.3484 s, estimated_remaining_time = 1651.3312 s
t = 6.55, S_EE = 0.8229, F = 0.0986, χ = 651 / 1700, step_time = 67.3488 s, elapsed_time = 3222.84 s, estimated_remaining_time = 1684.6664 s
t = 6.6, S_EE = 0.8277, F = 0.0989, χ = 667 / 1700, step_time = 82.5839 s, elapsed_time = 3380.7642 s, estimated_remaining_time = 1728.511 s
t = 6.65, S_EE = 0.8325, F = 0.0992, χ = 682 / 1700, step_time = 91.8893 s, elapsed_time = 3553.6668 s, estimated_remaining_time = 1776.8334 s
t = 6.7, S_EE = 0.8372, F = 0.0995, χ = 698 / 1700, step_time = 88.9677 s, elapsed_time = 3724.882 s, estimated_remaining_time = 1821.0534 s
t = 6.75, S_EE = 0.842, F = 0.0998, χ = 714 / 1700, step_time = 104.8253 s, elapsed_time = 3913.1701 s, estimated_remaining_time = 1870.2651 s
t = 6.8, S_EE = 0.8468, F = 0.1001, χ = 731 / 1700, step_time = 98.7408 s, elapsed_time = 4102.5784 s, estimated_remaining_time = 1916.533 s
t = 6.85, S_EE = 0.8516, F = 0.1004, χ = 748 / 1700, step_time = 102.4708 s, elapsed_time = 4295.1149 s, estimated_remaining_time = 1960.8133 s
t = 6.9, S_EE = 0.8564, F = 0.1007, χ = 766 / 1700, step_time = 103.4252 s, elapsed_time = 4493.9814 s, estimated_remaining_time = 2004.5097 s
t = 6.95, S_EE = 0.8612, F = 0.101, χ = 784 / 1700, step_time = 110.8695 s, elapsed_time = 4709.9656 s, estimated_remaining_time = 2052.1993 s
t = 7.0, S_EE = 0.866, F = 0.1012, χ = 803 / 1700, step_time = 115.4849 s, elapsed_time = 4936.6726 s, estimated_remaining_time = 2100.7117 s
t = 7.05, S_EE = 0.8709, F = 0.1015, χ = 821 / 1700, step_time = 129.1491 s, elapsed_time = 5182.721 s, estimated_remaining_time = 2153.3841 s
t = 7.1, S_EE = 0.8757, F = 0.1018, χ = 841 / 1700, step_time = 132.2984 s, elapsed_time = 5436.9582 s, estimated_remaining_time = 2205.1998 s
t = 7.15, S_EE = 0.8805, F = 0.1021, χ = 860 / 1700, step_time = 138.9334 s, elapsed_time = 5706.3035 s, estimated_remaining_time = 2258.7451 s
t = 7.2, S_EE = 0.8854, F = 0.1024, χ = 880 / 1700, step_time = 137.7393 s, elapsed_time = 5985.1927 s, estimated_remaining_time = 2311.5227 s
t = 7.25, S_EE = 0.8903, F = 0.1027, χ = 900 / 1700, step_time = 145.0898 s, elapsed_time = 6273.6788 s, estimated_remaining_time = 2363.3722 s
t = 7.3, S_EE = 0.8952, F = 0.103, χ = 920 / 1700, step_time = 141.2088 s, elapsed_time = 6563.3341 s, estimated_remaining_time = 2411.0207 s
t = 7.35, S_EE = 0.9001, F = 0.1033, χ = 941 / 1700, step_time = 159.1031 s, elapsed_time = 6874.4509 s, estimated_remaining_time = 2461.7966 s
t = 7.4, S_EE = 0.9049, F = 0.1036, χ = 963 / 1700, step_time = 165.0165 s, elapsed_time = 7209.3542 s, estimated_remaining_time = 2516.0162 s
t = 7.45, S_EE = 0.9098, F = 0.1039, χ = 984 / 1700, step_time = 178.2104 s, elapsed_time = 7563.2541 s, estimated_remaining_time = 2571.5064 s
t = 7.5, S_EE = 0.9147, F = 0.1042, χ = 1006 / 1700, step_time = 174.0317 s, elapsed_time = 7912.7613 s, estimated_remaining_time = 2620.1196 s
t = 7.55, S_EE = 0.9196, F = 0.1045, χ = 1029 / 1700, step_time = 242.1818 s, elapsed_time = 8355.5398 s, estimated_remaining_time = 2693.5622 s
t = 7.6, S_EE = 0.9245, F = 0.1048, χ = 1051 / 1700, step_time = 219.3756 s, elapsed_time = 8776.6523 s, estimated_remaining_time = 2753.4595 s
t = 7.65, S_EE = 0.9293, F = 0.105, χ = 1074 / 1700, step_time = 209.5317 s, elapsed_time = 9197.7348 s, estimated_remaining_time = 2807.1009 s
t = 7.7, S_EE = 0.9342, F = 0.1053, χ = 1097 / 1700, step_time = 211.9188 s, elapsed_time = 9639.5827 s, estimated_remaining_time = 2860.7794 s
t = 7.75, S_EE = 0.9391, F = 0.1055, χ = 1121 / 1700, step_time = 232.9212 s, elapsed_time = 10111.613 s, estimated_remaining_time = 2916.8114 s
t = 7.8, S_EE = 0.9439, F = 0.1058, χ = 1146 / 1700, step_time = 247.6818 s, elapsed_time = 10600.1469 s, estimated_remaining_time = 2970.7418 s
t = 7.85, S_EE = 0.9488, F = 0.1061, χ = 1172 / 1700, step_time = 240.8222 s, elapsed_time = 11115.6808 s, estimated_remaining_time = 3025.1536 s
t = 7.9, S_EE = 0.9536, F = 0.1063, χ = 1197 / 1700, step_time = 278.093 s, elapsed_time = 11660.2168 s, estimated_remaining_time = 3080.0573 s
t = 7.95, S_EE = 0.9585, F = 0.1066, χ = 1223 / 1700, step_time = 305.4988 s, elapsed_time = 12293.7407 s, estimated_remaining_time = 3150.2711 s
t = 8.0, S_EE = 0.9634, F = 0.1069, χ = 1249 / 1700, step_time = 260.9867 s, elapsed_time = 12848.2393 s, estimated_remaining_time = 3192.1091 s
t = 8.05, S_EE = 0.9682, F = 0.1072, χ = 1276 / 1700, step_time = 278.115 s, elapsed_time = 13422.5667 s, estimated_remaining_time = 3231.3586 s
t = 8.1, S_EE = 0.9731, F = 0.1074, χ = 1304 / 1700, step_time = 292.2534 s, elapsed_time = 14030.2294 s, estimated_remaining_time = 3270.851 s
t = 8.15, S_EE = 0.9779, F = 0.1077, χ = 1332 / 1700, step_time = 304.2978 s, elapsed_time = 14666.2443 s, estimated_remaining_time = 3308.8478 s
t = 8.2, S_EE = 0.9828, F = 0.108, χ = 1361 / 1700, step_time = 317.6961 s, elapsed_time = 15336.0381 s, estimated_remaining_time = 3346.0447 s
t = 8.25, S_EE = 0.9876, F = 0.1083, χ = 1391 / 1700, step_time = 336.3443 s, elapsed_time = 16031.1514 s, estimated_remaining_time = 3380.062 s
t = 8.3, S_EE = 0.9924, F = 0.1085, χ = 1421 / 1700, step_time = 341.7567 s, elapsed_time = 16754.4765 s, estimated_remaining_time = 3411.091 s
t = 8.35, S_EE = 0.9972, F = 0.1088, χ = 1450 / 1700, step_time = 368.6061 s, elapsed_time = 17525.0194 s, estimated_remaining_time = 3442.4145 s
t = 8.4, S_EE = 1.002, F = 0.109, χ = 1481 / 1700, step_time = 386.0224 s, elapsed_time = 18334.6383 s, estimated_remaining_time = 3471.6475 s
t = 8.45, S_EE = 1.0068, F = 0.1092, χ = 1512 / 1700, step_time = 393.8255 s, elapsed_time = 19181.5604 s, estimated_remaining_time = 3497.814 s
t = 8.5, S_EE = 1.0116, F = 0.1095, χ = 1543 / 1700, step_time = 422.6514 s, elapsed_time = 20069.0916 s, estimated_remaining_time = 3520.8933 s
t = 8.55, S_EE = 1.0163, F = 0.1097, χ = 1576 / 1700, step_time = 432.9697 s, elapsed_time = 20987.9727 s, estimated_remaining_time = 3538.6698 s
t = 8.6, S_EE = 1.0211, F = 0.1099, χ = 1609 / 1700, step_time = 447.4949 s, elapsed_time = 21952.192 s, estimated_remaining_time = 3552.9559 s
t = 8.65, S_EE = 1.0258, F = 0.1102, χ = 1643 / 1700, step_time = 482.1934 s, elapsed_time = 22976.5451 s, estimated_remaining_time = 3565.326 s
t = 8.7, S_EE = 1.0306, F = 0.1104, χ = 1678 / 1700, step_time = 502.8218 s, elapsed_time = 24048.5903 s, estimated_remaining_time = 3572.9334 s
t = 8.75, S_EE = 1.0353, F = 0.1107, χ = 1700 / 1700, step_time = 522.8741 s, elapsed_time = 25172.6302 s, estimated_remaining_time = 3575.6577 s
Warning: Maximum bond dimension reached at t = 8.75. Consider increasing bond_dim.
t = 8.8, S_EE = 1.04, F = 0.1109, χ = 1700 / 1700, step_time = 530.8981 s, elapsed_time = 26333.336 s, estimated_remaining_time = 3570.6218 s
Warning: Maximum bond dimension reached at t = 8.8. Consider increasing bond_dim.
t = 8.85, S_EE = 1.0447, F = 0.1112, χ = 1700 / 1700, step_time = 522.8492 s, elapsed_time = 27478.0424 s, estimated_remaining_time = 3550.5336 s
Warning: Maximum bond dimension reached at t = 8.85. Consider increasing bond_dim.
t = 8.9, S_EE = 1.0494, F = 0.1114, χ = 1700 / 1700, step_time = 532.9776 s, elapsed_time = 28644.6167 s, estimated_remaining_time = 3520.5674 s
Warning: Maximum bond dimension reached at t = 8.9. Consider increasing bond_dim.
t = 8.95, S_EE = 1.0541, F = 0.1116, χ = 1700 / 1700, step_time = 530.1732 s, elapsed_time = 29804.4647 s, estimated_remaining_time = 3477.1875 s
Warning: Maximum bond dimension reached at t = 8.95. Consider increasing bond_dim.
t = 9.0, S_EE = 1.0588, F = 0.1119, χ = 1700 / 1700, step_time = 535.1085 s, elapsed_time = 30964.7328 s, estimated_remaining_time = 3421.5174 s
Warning: Maximum bond dimension reached at t = 9.0. Consider increasing bond_dim.
t = 9.05, S_EE = 1.0634, F = 0.1121, χ = 1700 / 1700, step_time = 523.0321 s, elapsed_time = 32114.6312 s, estimated_remaining_time = 3352.6263 s
Warning: Maximum bond dimension reached at t = 9.05. Consider increasing bond_dim.
t = 9.1, S_EE = 1.0681, F = 0.1123, χ = 1700 / 1700, step_time = 536.5893 s, elapsed_time = 33280.1523 s, estimated_remaining_time = 3273.4576 s
Warning: Maximum bond dimension reached at t = 9.1. Consider increasing bond_dim.
t = 9.15, S_EE = 1.0727, F = 0.1125, χ = 1700 / 1700, step_time = 459.321 s, elapsed_time = 34363.7702 s, estimated_remaining_time = 3174.9136 s
Warning: Maximum bond dimension reached at t = 9.15. Consider increasing bond_dim.
t = 9.2, S_EE = 1.0773, F = 0.1127, χ = 1700 / 1700, step_time = 507.4696 s, elapsed_time = 35472.939 s, estimated_remaining_time = 3067.9299 s
Warning: Maximum bond dimension reached at t = 9.2. Consider increasing bond_dim.
t = 9.25, S_EE = 1.0818, F = 0.113, χ = 1700 / 1700, step_time = 508.8996 s, elapsed_time = 36586.5701 s, estimated_remaining_time = 2950.5298 s
Warning: Maximum bond dimension reached at t = 9.25. Consider increasing bond_dim.
t = 9.3, S_EE = 1.0864, F = 0.1132, χ = 1700 / 1700, step_time = 517.6812 s, elapsed_time = 37720.7559 s, estimated_remaining_time = 2824.0138 s
Warning: Maximum bond dimension reached at t = 9.3. Consider increasing bond_dim.
t = 9.35, S_EE = 1.0909, F = 0.1134, χ = 1700 / 1700, step_time = 525.9788 s, elapsed_time = 38869.3482 s, estimated_remaining_time = 2687.7741 s
Warning: Maximum bond dimension reached at t = 9.35. Consider increasing bond_dim.
t = 9.4, S_EE = 1.0955, F = 0.1136, χ = 1700 / 1700, step_time = 532.9971 s, elapsed_time = 40029.4416 s, estimated_remaining_time = 2541.5518 s
Warning: Maximum bond dimension reached at t = 9.4. Consider increasing bond_dim.
t = 9.45, S_EE = 1.1, F = 0.1138, χ = 1700 / 1700, step_time = 533.4882 s, elapsed_time = 41190.4866 s, estimated_remaining_time = 2384.7124 s
Warning: Maximum bond dimension reached at t = 9.45. Consider increasing bond_dim.
t = 9.5, S_EE = 1.1045, F = 0.114, χ = 1700 / 1700, step_time = 545.5806 s, elapsed_time = 42368.6443 s, estimated_remaining_time = 2218.2536 s
Warning: Maximum bond dimension reached at t = 9.5. Consider increasing bond_dim.
t = 9.55, S_EE = 1.109, F = 0.1142, χ = 1700 / 1700, step_time = 547.2162 s, elapsed_time = 43555.5437 s, estimated_remaining_time = 2041.6661 s
Warning: Maximum bond dimension reached at t = 9.55. Consider increasing bond_dim.
t = 9.6, S_EE = 1.1135, F = 0.1144, χ = 1700 / 1700, step_time = 536.7915 s, elapsed_time = 44725.7325 s, estimated_remaining_time = 1853.9164 s
Warning: Maximum bond dimension reached at t = 9.6. Consider increasing bond_dim.
t = 9.65, S_EE = 1.118, F = 0.1147, χ = 1700 / 1700, step_time = 544.0317 s, elapsed_time = 45905.4137 s, estimated_remaining_time = 1656.3809 s
Warning: Maximum bond dimension reached at t = 9.65. Consider increasing bond_dim.
t = 9.7, S_EE = 1.1225, F = 0.1149, χ = 1700 / 1700, step_time = 546.9881 s, elapsed_time = 47095.4706 s, estimated_remaining_time = 1449.0914 s
Warning: Maximum bond dimension reached at t = 9.7. Consider increasing bond_dim.
t = 9.75, S_EE = 1.1269, F = 0.1151, χ = 1700 / 1700, step_time = 546.6324 s, elapsed_time = 48280.5768 s, estimated_remaining_time = 1231.6474 s
Warning: Maximum bond dimension reached at t = 9.75. Consider increasing bond_dim.
t = 9.8, S_EE = 1.1313, F = 0.1153, χ = 1700 / 1700, step_time = 534.999 s, elapsed_time = 49458.0118 s, estimated_remaining_time = 1004.2236 s
Warning: Maximum bond dimension reached at t = 9.8. Consider increasing bond_dim.
t = 9.85, S_EE = 1.1358, F = 0.1155, χ = 1700 / 1700, step_time = 552.8086 s, elapsed_time = 50663.6223 s, estimated_remaining_time = 767.6306 s
Warning: Maximum bond dimension reached at t = 9.85. Consider increasing bond_dim.
t = 9.9, S_EE = 1.1402, F = 0.1157, χ = 1700 / 1700, step_time = 547.0568 s, elapsed_time = 51840.991 s, estimated_remaining_time = 521.015 s
Warning: Maximum bond dimension reached at t = 9.9. Consider increasing bond_dim.
t = 9.95, S_EE = 1.1445, F = 0.1159, χ = 1700 / 1700, step_time = 548.0098 s, elapsed_time = 53022.2139 s, estimated_remaining_time = 265.1111 s
Warning: Maximum bond dimension reached at t = 9.95. Consider increasing bond_dim.
t = 10.0, S_EE = 1.1489, F = 0.116, χ = 1700 / 1700, step_time = 531.9614 s, elapsed_time = 54201.9351 s, estimated_remaining_time = 0.0 s
Warning: Maximum bond dimension reached at t = 10.0. Consider increasing bond_dim.
============================================================
Quench simulation completed: 2026-07-04T05:57:41.029
Total time evolution duration: 903.37 min
============================================================
